Failure: icmp\/\(1,2,3,4,5,6,7,8\) ports are defined within 0\.0\.0\.0\/0 network in aws_security_group\.allow_ping\.
