Failure: Can not find azurerm_postgresql_configuration type in azurerm_resource_group.example.