Failure: \{azurerm_postgresql_server.values.azurerm_postgresql_configuration.\[4:2\].name\} does not cover selected resources.