Failure: @warning and @noskip tags can not be used at the same time.
Failure: Can not find azurerm_resource_group_bad defined in target terraform plan.
Failure: Can not find azurerm_postgresql_configuration type in azurerm_resource_group.example.