Failure: \{aws_cloudwatch_log_group.values.name\} does not cover selected resources.
Failure: \{aws_cloudwatch_log_group.values.name\} does not cover selected resources.